main.c:80:5:main	24	static
main.c:143:6:SystemClock_Config	160	static
main.c:189:13:MX_TIM6_Init	24	static
main.c:227:13:MX_USART2_UART_Init	8	static
main.c:262:13:MX_USART3_UART_Init	8	static
main.c:297:13:MX_GPIO_Init	48	static
main.c:338:6:sample_and_post_dht	48	static
main.c:347:9:ESP8266_wake_up	8	static
main.c:371:9:ESP8266_open_tcp_port	8	static
main.c:385:9:ESP8266_check_wifi_connection	8	static
main.c:401:9:ESP8266_send_data	48	static
main.c:421:9:ESP8266_send_cmd	24	static
main.c:430:9:ESP8266_AT_check_response	24	static
main.c:446:6:ESP_answer_clear	8	static
main.c:453:9:ESP8266_AT_command_error	16	static
main.c:461:6:HAL_UART_RxCpltCallback	16	static
main.c:476:6:HAL_TIM_PeriodElapsedCallback	16	static
main.c:490:6:Error_Handler	4	static
